

================================================================
== Vivado HLS Report for 'sandbox_Block_proc'
================================================================
* Date:           Fri Mar 25 13:39:05 2016

* Version:        2014.4 (Build 1071461 on Tue Nov 18 16:42:57 PM 2014)
* Project:        prj
* Solution:       solution1
* Product family: zynq
* Target device:  xc7z020clg484-1


================================================================
== Performance Estimates
================================================================
+ Timing (ns): 
    * Summary: 
    +---------+-------+----------+------------+
    |  Clock  | Target| Estimated| Uncertainty|
    +---------+-------+----------+------------+
    |default  |   6.67|      2.07|        0.83|
    +---------+-------+----------+------------+

+ Latency (clock cycles): 
    * Summary: 
    +--------+--------+--------+--------+---------+
    |     Latency     |     Interval    | Pipeline|
    |   min  |   max  |   min  |   max  |   Type  |
    +--------+--------+--------+--------+---------+
    |  309121|  309121|  309121|  309121|   none  |
    +--------+--------+--------+--------+---------+

    + Detail: 
        * Instance: 
        N/A

        * Loop: 
        +---------------+--------+--------+----------+-----------+-----------+------+----------+
        |               |     Latency     | Iteration|  Initiation Interval  | Trip |          |
        |   Loop Name   |   min  |   max  |  Latency |  achieved |   target  | Count| Pipelined|
        +---------------+--------+--------+----------+-----------+-----------+------+----------+
        |- loop_height  |  309120|  309120|       483|          -|          -|   640|    no    |
        | + loop_width  |     480|     480|         2|          1|          1|   480|    yes   |
        +---------------+--------+--------+----------+-----------+-----------+------+----------+



================================================================
== Utilization Estimates
================================================================
* Summary: 
+-----------------+---------+-------+--------+-------+
|       Name      | BRAM_18K| DSP48E|   FF   |  LUT  |
+-----------------+---------+-------+--------+-------+
|Expression       |        -|      -|       0|     50|
|FIFO             |        -|      -|       -|      -|
|Instance         |        -|      -|       -|      -|
|Memory           |        -|      -|       -|      -|
|Multiplexer      |        -|      -|       -|     21|
|Register         |        -|      -|      40|      -|
+-----------------+---------+-------+--------+-------+
|Total            |        0|      0|      40|     71|
+-----------------+---------+-------+--------+-------+
|Available        |      280|    220|  106400|  53200|
+-----------------+---------+-------+--------+-------+
|Utilization (%)  |        0|      0|   ~0   |   ~0  |
+-----------------+---------+-------+--------+-------+

+ Detail: 
    * Instance: 
    N/A

    * Memory: 
    N/A

    * FIFO: 
    N/A

    * Expression: 
    +-----------------------+----------+-------+---+----+------------+------------+
    |     Variable Name     | Operation| DSP48E| FF| LUT| Bitwidth P0| Bitwidth P1|
    +-----------------------+----------+-------+---+----+------------+------------+
    |i_V_fu_183_p2          |     +    |      0|  0|  10|          10|           1|
    |j_V_fu_195_p2          |     +    |      0|  0|   9|           9|           1|
    |axi_last_V_fu_201_p2   |   icmp   |      0|  0|   9|           9|           7|
    |exitcond3_i_fu_177_p2  |   icmp   |      0|  0|  11|          10|          10|
    |exitcond4_i_fu_189_p2  |   icmp   |      0|  0|   9|           9|           7|
    |ap_sig_bdd_115         |    or    |      0|  0|   1|           1|           1|
    |ap_sig_bdd_79          |    or    |      0|  0|   1|           1|           1|
    +-----------------------+----------+-------+---+----+------------+------------+
    |Total                  |          |      0|  0|  50|          49|          28|
    +-----------------------+----------+-------+---+----+------------+------------+

    * Multiplexer: 
    +---------------------------------+----+-----------+-----+-----------+
    |               Name              | LUT| Input Size| Bits| Total Bits|
    +---------------------------------+----+-----------+-----+-----------+
    |ap_NS_fsm                        |   1|          5|    1|          5|
    |ap_sig_ioackin_video_out_TREADY  |   1|          2|    1|          2|
    |p_3_i_reg_160                    |   9|          2|    9|         18|
    |p_i_reg_149                      |  10|          2|   10|         20|
    +---------------------------------+----+-----------+-----+-----------+
    |Total                            |  21|         11|   21|         45|
    +---------------------------------+----+-----------+-----+-----------+

    * Register: 
    +---------------------------------+----+----+-----+-----------+
    |               Name              | FF | LUT| Bits| Const Bits|
    +---------------------------------+----+----+-----+-----------+
    |ap_CS_fsm                        |   4|   0|    4|          0|
    |ap_done_reg                      |   1|   0|    1|          0|
    |ap_reg_ioackin_video_out_TREADY  |   1|   0|    1|          0|
    |ap_reg_ppiten_pp0_it0            |   1|   0|    1|          0|
    |ap_reg_ppiten_pp0_it1            |   1|   0|    1|          0|
    |axi_last_V_reg_260               |   1|   0|    1|          0|
    |exitcond4_i_reg_251              |   1|   0|    1|          0|
    |i_V_reg_246                      |  10|   0|   10|          0|
    |p_3_i_reg_160                    |   9|   0|    9|          0|
    |p_i_reg_149                      |  10|   0|   10|          0|
    |tmp_user_V_fu_92                 |   1|   0|    1|          0|
    +---------------------------------+----+----+-----+-----------+
    |Total                            |  40|   0|   40|          0|
    +---------------------------------+----+----+-----+-----------+



================================================================
== Interface
================================================================
* Summary: 
+------------------+-----+-----+------------+---------------------+--------------+
|     RTL Ports    | Dir | Bits|  Protocol  |    Source Object    |    C Type    |
+------------------+-----+-----+------------+---------------------+--------------+
|ap_clk            |  in |    1| ap_ctrl_hs | sandbox_Block__proc | return value |
|ap_rst            |  in |    1| ap_ctrl_hs | sandbox_Block__proc | return value |
|ap_start          |  in |    1| ap_ctrl_hs | sandbox_Block__proc | return value |
|ap_done           | out |    1| ap_ctrl_hs | sandbox_Block__proc | return value |
|ap_continue       |  in |    1| ap_ctrl_hs | sandbox_Block__proc | return value |
|ap_idle           | out |    1| ap_ctrl_hs | sandbox_Block__proc | return value |
|ap_ready          | out |    1| ap_ctrl_hs | sandbox_Block__proc | return value |
|result            |  in |   32|   ap_none  |        result       |    pointer   |
|video_out_TDATA   | out |   16|    axis    |  video_out_V_data_V |    pointer   |
|video_out_TVALID  | out |    1|    axis    |  video_out_V_dest_V |    pointer   |
|video_out_TREADY  |  in |    1|    axis    |  video_out_V_dest_V |    pointer   |
|video_out_TDEST   | out |    1|    axis    |  video_out_V_dest_V |    pointer   |
|video_out_TKEEP   | out |    2|    axis    |  video_out_V_keep_V |    pointer   |
|video_out_TSTRB   | out |    2|    axis    |  video_out_V_strb_V |    pointer   |
|video_out_TUSER   | out |    1|    axis    |  video_out_V_user_V |    pointer   |
|video_out_TLAST   | out |    1|    axis    |  video_out_V_last_V |    pointer   |
|video_out_TID     | out |    1|    axis    |   video_out_V_id_V  |    pointer   |
+------------------+-----+-----+------------+---------------------+--------------+

